 23 regions read        ( 18 lumps,   5 non-lumps) from WAD       "/tmp/wad-tweak-test.sh.PID/w-in-wad-in-place/out.wad".
 10 regions changed     (  0 adds,   0 modifies,  10 deletes).
 13 regions written     ( 11 lumps,   2 non-lumps)   to WAD       "/tmp/wad-tweak-test.sh.PID/w-in-wad-in-place/out.wad".
