Directory names: LUMPA LUMPB LUMPC
  5 regions read        (  3 lumps,   2 non-lumps) from WAD       "wad-tweak/test/data/source/w-in-wad-dir-names/in.wad".
  5 regions not written (  3 lumps,   2 non-lumps).
