 23 regions read        ( 18 lumps,   5 non-lumps) from directory "/mnt/data/home/sle/git/wad-tweak/test/data/source/w-in-dir-changes-inv/in-dir".
 19 regions changed     (  0 adds,   5 modifies,  14 deletes).
    Offset       Size      Name IsLump
    ------       ----      ---- ------
         0         12    header  False
         0         12  notindir  False
         0         12  notindir  False
         0         12  gl_ssect   True
         0          0    gl_pvs   True
         0         12  notindir  False
         0         88  gl_map01   True
         0         10  __eureka   True
         0        288    waddir  False
  9 regions shown       (  4 lumps,   5 non-lumps).
  9 regions written     (  4 lumps,   5 non-lumps)   to WAD       "/tmp/wad-tweak-test.sh.PID/w-in-dir-changes-inv/out.wad".
  9 regions written     (  4 lumps,   5 non-lumps)   to directory "/tmp/wad-tweak-test.sh.PID/w-in-dir-changes-inv/out-dir".
