 23 regions read        ( 18 lumps,   5 non-lumps) from directory "/mnt/data/home/sle/git/wad-tweak/test/data/source/w-in-dir/in-dir".
    Offset       Size      Name IsLump
    ------       ----      ---- ------
         0         12    header  False
         0          0     map01   True
         0         40    things   True
         0        280  linedefs   True
         0        720  sidedefs   True
         0         20  ssectors   True
         0          4    reject   True
         0         44  notindir  False
         0        130   sectors   True
         0          2  notindir  False
         0          4   gl_vert   True
         0        240   gl_segs   True
         0         20  gl_ssect   True
         0        112  gl_nodes   True
         0         68  vertexes   True
         0          0    gl_pvs   True
         0        288      segs   True
         0        112     nodes   True
         0        260  blockmap   True
         0        260  notindir  False
         0         88  gl_map01   True
         0         44  __eureka   True
         0        288    waddir  False
 23 regions shown       ( 18 lumps,   5 non-lumps).
 23 regions written     ( 18 lumps,   5 non-lumps)   to WAD       "/tmp/wad-tweak-test.sh.PID/w-in-dir/out.wad".
 23 regions written     ( 18 lumps,   5 non-lumps)   to directory "/tmp/wad-tweak-test.sh.PID/w-in-dir/out-dir".
